###############################################################################
#
# IAR ELF Linker V8.11.1.13263/W32 for ARM                13/Jul/2017  22:57:19
# Copyright 2007-2017 IAR Systems AB.
#
#    Output file  =  
#        C:\Users\gunho\Desktop\Sigma_FreshmanProj-CodeMerge1\Sigma_FreshmanProj-CodeMerge1\robotARMcontrol_withJava\EWARM\robotARMcontrol_withJava\Exe\robotARMcontrol_withJava.out
#    Map file     =  
#        C:\Users\gunho\Desktop\Sigma_FreshmanProj-CodeMerge1\Sigma_FreshmanProj-CodeMerge1\robotARMcontrol_withJava\EWARM\robotARMcontrol_withJava\List\robotARMcontrol_withJava.map
#    Command line =  
#        -f C:\Users\gunho\AppData\Local\Temp\EWF6D.tmp
#        (C:\Users\gunho\Desktop\Sigma_FreshmanProj-CodeMerge1\Sigma_FreshmanProj-CodeMerge1\robotARMcontrol_withJava\EWARM\robotARMcontrol_withJava\Obj\main.o
#        C:\Users\gunho\Desktop\Sigma_FreshmanProj-CodeMerge1\Sigma_FreshmanProj-CodeMerge1\robotARMcontrol_withJava\EWARM\robotARMcontrol_withJava\Obj\startup_stm32f407xx.o
#        C:\Users\gunho\Desktop\Sigma_FreshmanProj-CodeMerge1\Sigma_FreshmanProj-CodeMerge1\robotARMcontrol_withJava\EWARM\robotARMcontrol_withJava\Obj\stm32f4xx_hal.o
#        C:\Users\gunho\Desktop\Sigma_FreshmanProj-CodeMerge1\Sigma_FreshmanProj-CodeMerge1\robotARMcontrol_withJava\EWARM\robotARMcontrol_withJava\Obj\stm32f4xx_hal_cortex.o
#        C:\Users\gunho\Desktop\Sigma_FreshmanProj-CodeMerge1\Sigma_FreshmanProj-CodeMerge1\robotARMcontrol_withJava\EWARM\robotARMcontrol_withJava\Obj\stm32f4xx_hal_dma.o
#        C:\Users\gunho\Desktop\Sigma_FreshmanProj-CodeMerge1\Sigma_FreshmanProj-CodeMerge1\robotARMcontrol_withJava\EWARM\robotARMcontrol_withJava\Obj\stm32f4xx_hal_dma_ex.o
#        C:\Users\gunho\Desktop\Sigma_FreshmanProj-CodeMerge1\Sigma_FreshmanProj-CodeMerge1\robotARMcontrol_withJava\EWARM\robotARMcontrol_withJava\Obj\stm32f4xx_hal_flash.o
#        C:\Users\gunho\Desktop\Sigma_FreshmanProj-CodeMerge1\Sigma_FreshmanProj-CodeMerge1\robotARMcontrol_withJava\EWARM\robotARMcontrol_withJava\Obj\stm32f4xx_hal_flash_ex.o
#        C:\Users\gunho\Desktop\Sigma_FreshmanProj-CodeMerge1\Sigma_FreshmanProj-CodeMerge1\robotARMcontrol_withJava\EWARM\robotARMcontrol_withJava\Obj\stm32f4xx_hal_flash_ramfunc.o
#        C:\Users\gunho\Desktop\Sigma_FreshmanProj-CodeMerge1\Sigma_FreshmanProj-CodeMerge1\robotARMcontrol_withJava\EWARM\robotARMcontrol_withJava\Obj\stm32f4xx_hal_gpio.o
#        C:\Users\gunho\Desktop\Sigma_FreshmanProj-CodeMerge1\Sigma_FreshmanProj-CodeMerge1\robotARMcontrol_withJava\EWARM\robotARMcontrol_withJava\Obj\stm32f4xx_hal_msp.o
#        C:\Users\gunho\Desktop\Sigma_FreshmanProj-CodeMerge1\Sigma_FreshmanProj-CodeMerge1\robotARMcontrol_withJava\EWARM\robotARMcontrol_withJava\Obj\stm32f4xx_hal_pwr.o
#        C:\Users\gunho\Desktop\Sigma_FreshmanProj-CodeMerge1\Sigma_FreshmanProj-CodeMerge1\robotARMcontrol_withJava\EWARM\robotARMcontrol_withJava\Obj\stm32f4xx_hal_pwr_ex.o
#        C:\Users\gunho\Desktop\Sigma_FreshmanProj-CodeMerge1\Sigma_FreshmanProj-CodeMerge1\robotARMcontrol_withJava\EWARM\robotARMcontrol_withJava\Obj\stm32f4xx_hal_rcc.o
#        C:\Users\gunho\Desktop\Sigma_FreshmanProj-CodeMerge1\Sigma_FreshmanProj-CodeMerge1\robotARMcontrol_withJava\EWARM\robotARMcontrol_withJava\Obj\stm32f4xx_hal_rcc_ex.o
#        C:\Users\gunho\Desktop\Sigma_FreshmanProj-CodeMerge1\Sigma_FreshmanProj-CodeMerge1\robotARMcontrol_withJava\EWARM\robotARMcontrol_withJava\Obj\stm32f4xx_hal_tim.o
#        C:\Users\gunho\Desktop\Sigma_FreshmanProj-CodeMerge1\Sigma_FreshmanProj-CodeMerge1\robotARMcontrol_withJava\EWARM\robotARMcontrol_withJava\Obj\stm32f4xx_hal_tim_ex.o
#        C:\Users\gunho\Desktop\Sigma_FreshmanProj-CodeMerge1\Sigma_FreshmanProj-CodeMerge1\robotARMcontrol_withJava\EWARM\robotARMcontrol_withJava\Obj\stm32f4xx_hal_uart.o
#        C:\Users\gunho\Desktop\Sigma_FreshmanProj-CodeMerge1\Sigma_FreshmanProj-CodeMerge1\robotARMcontrol_withJava\EWARM\robotARMcontrol_withJava\Obj\stm32f4xx_it.o
#        C:\Users\gunho\Desktop\Sigma_FreshmanProj-CodeMerge1\Sigma_FreshmanProj-CodeMerge1\robotARMcontrol_withJava\EWARM\robotARMcontrol_withJava\Obj\system_stm32f4xx.o
#        --redirect _Printf=_PrintfFull --redirect _Scanf=_ScanfFull -o
#        C:\Users\gunho\Desktop\Sigma_FreshmanProj-CodeMerge1\Sigma_FreshmanProj-CodeMerge1\robotARMcontrol_withJava\EWARM\robotARMcontrol_withJava\Exe\robotARMcontrol_withJava.out
#        --map
#        C:\Users\gunho\Desktop\Sigma_FreshmanProj-CodeMerge1\Sigma_FreshmanProj-CodeMerge1\robotARMcontrol_withJava\EWARM\robotARMcontrol_withJava\List\robotARMcontrol_withJava.map
#        --config
#        C:\Users\gunho\Desktop\Sigma_FreshmanProj-CodeMerge1\Sigma_FreshmanProj-CodeMerge1\robotARMcontrol_withJava\EWARM/stm32f407xx_flash.icf
#        --semihosting --entry __iar_program_start --vfe --text_out locale)
#
###############################################################################

*******************************************************************************
*** RUNTIME MODEL ATTRIBUTES
***

CppFlavor       = *
__SystemLibrary = DLib
__dlib_version  = 6


*******************************************************************************
*** HEAP SELECTION
***

The basic heap was selected because no calls to memory allocation
functions were found in the application outside of system library
functions, and there are calls to deallocation functions in the
application.


*******************************************************************************
*** PLACEMENT SUMMARY
***

"A0":  place at 0x08000000 { ro section .intvec };
"P1":  place in [from 0x08000000 to 0x080fffff] { ro };
"P2":  place in [from 0x20000000 to 0x2001ffff] { rw, block CSTACK, block HEAP };
initialize by copy { rw };

  Section            Kind        Address    Size  Object
  -------            ----        -------    ----  ------
"A0":                                      0x188
  .intvec            ro code  0x08000000   0x188  startup_stm32f407xx.o [1]
                            - 0x08000188   0x188

"P1":                                     0x27b7
  .text              ro code  0x08000188   0x6b8  main.o [1]
  .text              ro code  0x08000840    0x34  stm32f4xx_hal.o [1]
  .text              ro code  0x08000874   0x456  stm32f4xx_hal_uart.o [1]
  .text              ro code  0x08000ccc   0x2d0  stm32f4xx_hal_rcc.o [1]
  .text              ro code  0x08000f9c   0x1d4  stm32f4xx_hal_rcc.o [1]
  .text              ro code  0x08001170    0xe2  stm32f4xx_hal_cortex.o [1]
  .text              ro code  0x08001254   0x6ae  stm32f4xx_hal_tim.o [1]
  .text              ro code  0x08001904   0x1cc  stm32f4xx_hal_msp.o [1]
  .text              ro code  0x08001ad0    0x4a  stm32f4xx_hal_tim_ex.o [1]
  .text              ro code  0x08001b1c   0x1f2  stm32f4xx_hal_gpio.o [1]
  .text              ro code  0x08001d10     0x6  ABImemclr4.o [5]
  .text              ro code  0x08001d18    0x22  S32ToDbl.o [4]
  .text              ro code  0x08001d3c   0x246  DblDiv.o [4]
  .text              ro code  0x08001f84    0x3a  DblToS32.o [4]
  .text              ro code  0x08001fc0    0x48  FltToDbl.o [4]
  .text              ro code  0x08002008   0x192  DblMul.o [4]
  .text              ro code  0x0800219c   0x178  DblAdd.o [4]
  .text              ro code  0x08002314    0x28  stm32f4xx_hal.o [1]
  .text              ro code  0x0800233c    0x24  stm32f4xx_hal_dma.o [1]
  .text              ro code  0x08002360     0x2  stm32f4xx_hal_uart.o [1]
  .text              ro code  0x08002362     0x2  stm32f4xx_hal_uart.o [1]
  .text              ro code  0x08002364     0x2  stm32f4xx_hal_uart.o [1]
  .text              ro code  0x08002368     0xc  stm32f4xx_hal.o [1]
  .text              ro code  0x08002374     0x2  stm32f4xx_hal_tim.o [1]
  .text              ro code  0x08002376     0x2  stm32f4xx_hal_tim.o [1]
  .text              ro code  0x08002378     0x2  stm32f4xx_hal_tim.o [1]
  .text              ro code  0x0800237a     0x2  stm32f4xx_hal_tim.o [1]
  .text              ro code  0x0800237c     0x2  stm32f4xx_hal_tim_ex.o [1]
  .text              ro code  0x0800237e     0x2  stm32f4xx_hal_tim.o [1]
  .text              ro code  0x08002380     0x2  stm32f4xx_hal_tim_ex.o [1]
  .text              ro code  0x08002382     0x2  stm32f4xx_hal_tim.o [1]
  .text              ro code  0x08002384    0x32  ABImemset48.o [5]
  .text              ro code  0x080023b8    0xd2  DblSub.o [4]
  .text              ro code  0x0800248c   0x184  stm32f4xx_it.o [1]
  .text              ro code  0x08002610    0x10  stm32f4xx_hal.o [1]
  .text              ro code  0x08002620    0x60  system_stm32f4xx.o [1]
  .text              ro code  0x08002680    0x40  zero_init3.o [5]
  .text              ro code  0x080026c0    0x38  packbits_init_single.o [5]
  .text              ro code  0x080026f8    0x28  data_init.o [5]
  .text              ro code  0x08002720    0x22  fpinit_M.o [4]
  .iar.init_table    const    0x08002744    0x20  - Linker created -
  .text              ro code  0x08002764    0x1a  cmain.o [5]
  .text              ro code  0x0800277e     0x4  low_level_init.o [3]
  .text              ro code  0x08002782     0x4  exit.o [3]
  .text              ro code  0x08002788     0xa  cexit.o [5]
  .text              ro code  0x08002794    0x14  exit.o [6]
  .text              ro code  0x080027a8    0x10  startup_stm32f407xx.o [1]
  .text              ro code  0x080027b8     0xc  cstartup_M.o [5]
  .rodata            const    0x080027c4     0x8  system_stm32f4xx.o [1]
  .text              ro code  0x080027cc     0x4  startup_stm32f407xx.o [1]
  .text              ro code  0x080027d0     0x4  startup_stm32f407xx.o [1]
  .text              ro code  0x080027d4     0x4  startup_stm32f407xx.o [1]
  .text              ro code  0x080027d8     0x4  startup_stm32f407xx.o [1]
  .text              ro code  0x080027dc     0x4  startup_stm32f407xx.o [1]
  .text              ro code  0x080027e0     0x4  startup_stm32f407xx.o [1]
  .text              ro code  0x080027e4     0x4  startup_stm32f407xx.o [1]
  .text              ro code  0x080027e8     0x4  startup_stm32f407xx.o [1]
  .text              ro code  0x080027ec     0x4  startup_stm32f407xx.o [1]
  .text              ro code  0x080027f0     0x4  startup_stm32f407xx.o [1]
  .text              ro code  0x080027f4     0x4  startup_stm32f407xx.o [1]
  .text              ro code  0x080027f8     0x4  startup_stm32f407xx.o [1]
  .text              ro code  0x080027fc     0x4  startup_stm32f407xx.o [1]
  .text              ro code  0x08002800     0x4  startup_stm32f407xx.o [1]
  .text              ro code  0x08002804     0x4  startup_stm32f407xx.o [1]
  .text              ro code  0x08002808     0x4  startup_stm32f407xx.o [1]
  .text              ro code  0x0800280c     0x4  startup_stm32f407xx.o [1]
  .text              ro code  0x08002810     0x4  startup_stm32f407xx.o [1]
  .text              ro code  0x08002814     0x4  startup_stm32f407xx.o [1]
  .text              ro code  0x08002818     0x4  startup_stm32f407xx.o [1]
  .text              ro code  0x0800281c     0x4  startup_stm32f407xx.o [1]
  .text              ro code  0x08002820     0x4  startup_stm32f407xx.o [1]
  .text              ro code  0x08002824     0x4  startup_stm32f407xx.o [1]
  .text              ro code  0x08002828     0x4  startup_stm32f407xx.o [1]
  .text              ro code  0x0800282c     0x4  startup_stm32f407xx.o [1]
  .text              ro code  0x08002830     0x4  startup_stm32f407xx.o [1]
  .text              ro code  0x08002834     0x4  startup_stm32f407xx.o [1]
  .text              ro code  0x08002838     0x4  startup_stm32f407xx.o [1]
  .text              ro code  0x0800283c     0x4  startup_stm32f407xx.o [1]
  .text              ro code  0x08002840     0x4  startup_stm32f407xx.o [1]
  .text              ro code  0x08002844     0x4  startup_stm32f407xx.o [1]
  .text              ro code  0x08002848     0x4  startup_stm32f407xx.o [1]
  .text              ro code  0x0800284c     0x4  startup_stm32f407xx.o [1]
  .text              ro code  0x08002850     0x4  startup_stm32f407xx.o [1]
  .text              ro code  0x08002854     0x4  startup_stm32f407xx.o [1]
  .text              ro code  0x08002858     0x4  startup_stm32f407xx.o [1]
  .text              ro code  0x0800285c     0x4  startup_stm32f407xx.o [1]
  .text              ro code  0x08002860     0x4  startup_stm32f407xx.o [1]
  .text              ro code  0x08002864     0x4  startup_stm32f407xx.o [1]
  .text              ro code  0x08002868     0x4  startup_stm32f407xx.o [1]
  .text              ro code  0x0800286c     0x4  startup_stm32f407xx.o [1]
  .text              ro code  0x08002870     0x4  startup_stm32f407xx.o [1]
  .text              ro code  0x08002874     0x4  startup_stm32f407xx.o [1]
  .text              ro code  0x08002878     0x4  startup_stm32f407xx.o [1]
  .text              ro code  0x0800287c     0x4  startup_stm32f407xx.o [1]
  .text              ro code  0x08002880     0x4  startup_stm32f407xx.o [1]
  .text              ro code  0x08002884     0x4  startup_stm32f407xx.o [1]
  .text              ro code  0x08002888     0x4  startup_stm32f407xx.o [1]
  .text              ro code  0x0800288c     0x4  startup_stm32f407xx.o [1]
  .text              ro code  0x08002890     0x4  startup_stm32f407xx.o [1]
  .text              ro code  0x08002894     0x4  startup_stm32f407xx.o [1]
  .text              ro code  0x08002898     0x4  startup_stm32f407xx.o [1]
  .text              ro code  0x0800289c     0x4  startup_stm32f407xx.o [1]
  .text              ro code  0x080028a0     0x4  startup_stm32f407xx.o [1]
  .text              ro code  0x080028a4     0x4  startup_stm32f407xx.o [1]
  .text              ro code  0x080028a8     0x4  startup_stm32f407xx.o [1]
  .text              ro code  0x080028ac     0x4  startup_stm32f407xx.o [1]
  .text              ro code  0x080028b0     0x4  startup_stm32f407xx.o [1]
  .text              ro code  0x080028b4     0x4  startup_stm32f407xx.o [1]
  .text              ro code  0x080028b8     0x4  startup_stm32f407xx.o [1]
  .text              ro code  0x080028bc     0x4  startup_stm32f407xx.o [1]
  .text              ro code  0x080028c0     0x4  startup_stm32f407xx.o [1]
  .text              ro code  0x080028c4     0x4  startup_stm32f407xx.o [1]
  .text              ro code  0x080028c8     0x4  startup_stm32f407xx.o [1]
  .text              ro code  0x080028cc     0x4  startup_stm32f407xx.o [1]
  .text              ro code  0x080028d0     0x4  startup_stm32f407xx.o [1]
  .text              ro code  0x080028d4     0x4  startup_stm32f407xx.o [1]
  .text              ro code  0x080028d8     0x4  startup_stm32f407xx.o [1]
  .text              ro code  0x080028dc     0x4  startup_stm32f407xx.o [1]
  .text              ro code  0x080028e0     0x4  startup_stm32f407xx.o [1]
  .text              ro code  0x080028e4     0x4  startup_stm32f407xx.o [1]
  .text              ro code  0x080028e8     0x4  startup_stm32f407xx.o [1]
  .text              ro code  0x080028ec     0x4  startup_stm32f407xx.o [1]
  .text              ro code  0x080028f0     0x4  startup_stm32f407xx.o [1]
  .text              ro code  0x080028f4     0x4  startup_stm32f407xx.o [1]
  .text              ro code  0x080028f8     0x4  startup_stm32f407xx.o [1]
  .text              ro code  0x080028fc     0x4  startup_stm32f407xx.o [1]
  .text              ro code  0x08002900     0x4  startup_stm32f407xx.o [1]
  .text              ro code  0x08002904     0x4  startup_stm32f407xx.o [1]
  .text              ro code  0x08002908     0x4  startup_stm32f407xx.o [1]
  .text              ro code  0x0800290c     0x4  startup_stm32f407xx.o [1]
  .text              ro code  0x08002910     0x4  startup_stm32f407xx.o [1]
  .text              ro code  0x08002914     0x4  startup_stm32f407xx.o [1]
  .text              ro code  0x08002918     0x4  startup_stm32f407xx.o [1]
  .rodata            const    0x0800291c     0x0  zero_init3.o [5]
  .rodata            const    0x0800291c     0x0  packbits_init_single.o [5]
  Initializer bytes  const    0x0800291c    0x23  <for P2-1>
                            - 0x0800293f  0x27b7

"P2", part 1 of 3:                          0x8c
  P2-1                        0x20000000    0x8c  <Init block>
    .data            inited   0x20000000    0x88  main.o [1]
    .data            inited   0x20000088     0x4  system_stm32f4xx.o [1]
                            - 0x2000008c    0x8c

"P2", part 2 of 3:                         0x400
  CSTACK                      0x20000090   0x400  <Block>
    CSTACK           uninit   0x20000090   0x400  <Block tail>
                            - 0x20000490   0x400

"P2", part 3 of 3:                         0x114
  .bss               zero     0x20000490    0x5c  main.o [1]
  .bss               zero     0x200004ec    0x3c  main.o [1]
  .bss               zero     0x20000528    0x3c  main.o [1]
  .bss               zero     0x20000564    0x3c  main.o [1]
  .bss               zero     0x200005a0     0x4  stm32f4xx_hal.o [1]
                            - 0x200005a4   0x114


*******************************************************************************
*** INIT TABLE
***

          Address     Size
          -------     ----
Zero (__iar_zero_init3)
    1 destination range, total size 0x114:
          0x20000490  0x114

Copy/packbits (__iar_packbits_init_single3)
    1 source range, total size 0x23 (25% of destination):
          0x0800291c   0x23
    1 destination range, total size 0x8c:
          0x20000000   0x8c



*******************************************************************************
*** MODULE SUMMARY
***

    Module                  ro code  ro data  rw data
    ------                  -------  -------  -------
C:\Users\gunho\Desktop\Sigma_FreshmanProj-CodeMerge1\Sigma_FreshmanProj-CodeMerge1\robotARMcontrol_withJava\EWARM\robotARMcontrol_withJava\Obj: [1]
    main.o                    1 720       34      408
    startup_stm32f407xx.o       744
    stm32f4xx_hal.o             120                 4
    stm32f4xx_hal_cortex.o      226
    stm32f4xx_hal_dma.o          36
    stm32f4xx_hal_gpio.o        498
    stm32f4xx_hal_msp.o         460
    stm32f4xx_hal_rcc.o       1 188
    stm32f4xx_hal_tim.o       1 722
    stm32f4xx_hal_tim_ex.o       78
    stm32f4xx_hal_uart.o      1 116
    stm32f4xx_it.o              388
    system_stm32f4xx.o           96        9        4
    -------------------------------------------------
    Total:                    8 392       43      416

command line: [2]
    -------------------------------------------------
    Total:

dl7M_tlf.a: [3]
    exit.o                        4
    low_level_init.o              4
    -------------------------------------------------
    Total:                        8

m7M_tls.a: [4]
    DblAdd.o                    376
    DblDiv.o                    582
    DblMul.o                    402
    DblSub.o                    210
    DblToS32.o                   58
    FltToDbl.o                   72
    S32ToDbl.o                   34
    fpinit_M.o                   34
    -------------------------------------------------
    Total:                    1 768

rt7M_tl.a: [5]
    ABImemclr4.o                  6
    ABImemset48.o                50
    cexit.o                      10
    cmain.o                      26
    cstartup_M.o                 12
    data_init.o                  40
    packbits_init_single.o       56
    zero_init3.o                 64
    -------------------------------------------------
    Total:                      264

shb_l.a: [6]
    exit.o                       20
    -------------------------------------------------
    Total:                       20

    Gaps                         30        2
    Linker created                        32    1 024
-----------------------------------------------------
    Grand Total:             10 482       77    1 440


*******************************************************************************
*** ENTRY LIST
***

Entry                      Address   Size  Type      Object
-----                      -------   ----  ----      ------
.iar.init_table$$Base   0x08002744          --   Gb  - Linker created -
.iar.init_table$$Limit  0x08002764          --   Gb  - Linker created -
?main                   0x08002765         Code  Gb  cmain.o [5]
AHBPrescTable           0x08002670   0x10  Data  Gb  system_stm32f4xx.o [1]
APBPrescTable           0x080027c4    0x8  Data  Gb  system_stm32f4xx.o [1]
CSTACK$$Base            0x20000090          --   Gb  - Linker created -
CSTACK$$Limit           0x20000490          --   Gb  - Linker created -
EXTI9_5_IRQHandler      0x0800249b   0x54  Code  Gb  stm32f4xx_it.o [1]
HAL_DMA_Abort_IT        0x0800233d   0x24  Code  Gb  stm32f4xx_hal_dma.o [1]
HAL_GPIO_EXTI_IRQHandler
                        0x08001ccb   0x10  Code  Gb  stm32f4xx_hal_gpio.o [1]
HAL_GPIO_Init           0x08001b1d  0x19a  Code  Gb  stm32f4xx_hal_gpio.o [1]
HAL_GPIO_ReadPin        0x08001cb7    0xc  Code  Gb  stm32f4xx_hal_gpio.o [1]
HAL_GPIO_WritePin       0x08001cc3    0x8  Code  Gb  stm32f4xx_hal_gpio.o [1]
HAL_GetTick             0x08002369    0xc  Code  Wk  stm32f4xx_hal.o [1]
HAL_IncTick             0x08002611   0x10  Code  Wk  stm32f4xx_hal.o [1]
HAL_Init                0x08000841   0x30  Code  Gb  stm32f4xx_hal.o [1]
HAL_InitTick            0x08002315   0x28  Code  Wk  stm32f4xx_hal.o [1]
HAL_MspInit             0x08001905   0x60  Code  Gb  stm32f4xx_hal_msp.o [1]
HAL_NVIC_EnableIRQ      0x080011df    0xa  Code  Gb  stm32f4xx_hal_cortex.o [1]
HAL_NVIC_SetPriority    0x080011a5   0x3a  Code  Gb  stm32f4xx_hal_cortex.o [1]
HAL_NVIC_SetPriorityGrouping
                        0x0800118b   0x1a  Code  Gb  stm32f4xx_hal_cortex.o [1]
HAL_RCC_ClockConfig     0x08000f9d  0x12a  Code  Gb  stm32f4xx_hal_rcc.o [1]
HAL_RCC_GetHCLKFreq     0x080010d5    0x6  Code  Gb  stm32f4xx_hal_rcc.o [1]
HAL_RCC_GetPCLK1Freq    0x080010db   0x10  Code  Gb  stm32f4xx_hal_rcc.o [1]
HAL_RCC_GetPCLK2Freq    0x080010eb    0xe  Code  Gb  stm32f4xx_hal_rcc.o [1]
HAL_RCC_OscConfig       0x08000ccd  0x2d0  Code  Wk  stm32f4xx_hal_rcc.o [1]
HAL_SYSTICK_CLKSourceConfig
                        0x0800121b   0x1a  Code  Gb  stm32f4xx_hal_cortex.o [1]
HAL_SYSTICK_Config      0x080011f3   0x28  Code  Gb  stm32f4xx_hal_cortex.o [1]
HAL_SYSTICK_IRQHandler  0x0800124d    0x4  Code  Gb  stm32f4xx_hal_cortex.o [1]
HAL_TIMEx_BreakCallback
                        0x0800237d    0x2  Code  Wk  stm32f4xx_hal_tim_ex.o [1]
HAL_TIMEx_CommutationCallback
                        0x08002381    0x2  Code  Wk  stm32f4xx_hal_tim_ex.o [1]
HAL_TIMEx_MasterConfigSynchronization
                        0x08001ad1   0x4a  Code  Gb  stm32f4xx_hal_tim_ex.o [1]
HAL_TIM_Base_Init       0x08001255   0x1a  Code  Gb  stm32f4xx_hal_tim.o [1]
HAL_TIM_Base_MspInit    0x08001965   0x8c  Code  Gb  stm32f4xx_hal_msp.o [1]
HAL_TIM_Base_Start_IT   0x0800126f   0x16  Code  Gb  stm32f4xx_hal_tim.o [1]
HAL_TIM_ConfigClockSource
                        0x080015a9   0xac  Code  Gb  stm32f4xx_hal_tim.o [1]
HAL_TIM_IRQHandler      0x08001379  0x142  Code  Gb  stm32f4xx_hal_tim.o [1]
HAL_TIM_MspPostInit     0x080019f1   0x5e  Code  Gb  stm32f4xx_hal_msp.o [1]
HAL_TIM_PWM_ConfigChannel
                        0x080014c1   0xc0  Code  Gb  stm32f4xx_hal_tim.o [1]
HAL_TIM_PWM_Init        0x080012af   0x1a  Code  Gb  stm32f4xx_hal_tim.o [1]
HAL_TIM_PWM_Start       0x080012d9   0x14  Code  Gb  stm32f4xx_hal_tim.o [1]
HAL_TIM_PWM_Stop        0x080012f7   0x32  Code  Gb  stm32f4xx_hal_tim.o [1]
HAL_UART_IRQHandler     0x08000943  0x152  Code  Gb  stm32f4xx_hal_uart.o [1]
HAL_UART_Init           0x08000875   0x20  Code  Gb  stm32f4xx_hal_uart.o [1]
HAL_UART_MspInit        0x08001a5d   0x58  Code  Gb  stm32f4xx_hal_msp.o [1]
HAL_UART_Receive_IT     0x080008e7   0x4a  Code  Gb  stm32f4xx_hal_uart.o [1]
MX_GPIO_Init            0x08000381  0x176  Code  Lc  main.o [1]
MX_TIM2_Init            0x08000299    0xc  Code  Lc  main.o [1]
MX_TIM3_Init            0x080002a5   0x30  Code  Lc  main.o [1]
MX_TIM5_Init            0x080002d5    0xa  Code  Lc  main.o [1]
Motor                   0x20000000   0x38  Data  Gb  main.o [1]
NVIC_SetPriority        0x08001171   0x1a  Code  Lc  stm32f4xx_hal_cortex.o [1]
Region$$Table$$Base     0x08002744          --   Gb  - Linker created -
Region$$Table$$Limit    0x08002764          --   Gb  - Linker created -
State                   0x20000038   0x28  Data  Gb  main.o [1]
StepperClick            0x0800259f   0x3e  Code  Gb  stm32f4xx_it.o [1]
StepperSet              0x08000649   0x7e  Code  Gb  main.o [1]
SysTick_Handler         0x0800248d    0xe  Code  Gb  stm32f4xx_it.o [1]
SystemClock_Config      0x080001eb   0xae  Code  Gb  main.o [1]
SystemCoreClock         0x20000088    0x4  Data  Gb  system_stm32f4xx.o [1]
SystemInit              0x08002621   0x3a  Code  Gb  system_stm32f4xx.o [1]
TIM2_IRQHandler         0x080024ef    0xc  Code  Gb  stm32f4xx_it.o [1]
TIM2_intOccured         0x20000060    0x4  Data  Gb  main.o [1]
TIM3_IRQHandler         0x080024fb   0x52  Code  Gb  stm32f4xx_it.o [1]
TIM5_IRQHandler         0x08002593    0xc  Code  Gb  stm32f4xx_it.o [1]
TIM5_intOccured         0x20000064    0x4  Data  Gb  main.o [1]
TIM_Base_SetConfig      0x0800167d   0x8e  Code  Gb  stm32f4xx_hal_tim.o [1]
TIM_CCxChannelCmd       0x08001767   0x14  Code  Gb  stm32f4xx_hal_tim.o [1]
TIM_ETR_SetConfig       0x080018ef   0x14  Code  Lc  stm32f4xx_hal_tim.o [1]
TIM_ITRx_SetConfig      0x080018df   0x10  Code  Lc  stm32f4xx_hal_tim.o [1]
TIM_OC1_SetConfig       0x0800177b   0x4a  Code  Lc  stm32f4xx_hal_tim.o [1]
TIM_OC2_SetConfig       0x0800170d   0x58  Code  Gb  stm32f4xx_hal_tim.o [1]
TIM_OC3_SetConfig       0x080017c5   0x50  Code  Lc  stm32f4xx_hal_tim.o [1]
TIM_OC4_SetConfig       0x08001821   0x46  Code  Lc  stm32f4xx_hal_tim.o [1]
TIM_TI1_ConfigInputStage
                        0x08001899   0x1c  Code  Lc  stm32f4xx_hal_tim.o [1]
TIM_TI2_ConfigInputStage
                        0x080018bb   0x24  Code  Lc  stm32f4xx_hal_tim.o [1]
UART_DMAAbortOnError    0x08000ab1    0xc  Code  Lc  stm32f4xx_hal_uart.o [1]
UART_EndRxTransfer      0x08000a95   0x1c  Code  Lc  stm32f4xx_hal_uart.o [1]
UART_Receive_IT         0x08000abd   0x8c  Code  Lc  stm32f4xx_hal_uart.o [1]
UART_SetConfig          0x08000b49  0x13a  Code  Lc  stm32f4xx_hal_uart.o [1]
USART3_IRQHandler       0x0800254d   0x46  Code  Gb  stm32f4xx_it.o [1]
Uart                    0x20000490   0x1c  Data  Gb  main.o [1]
__aeabi_d2iz            0x08001f85         Code  Gb  DblToS32.o [4]
__aeabi_dadd            0x0800219d         Code  Gb  DblAdd.o [4]
__aeabi_ddiv            0x08001d3d         Code  Gb  DblDiv.o [4]
__aeabi_dmul            0x08002009         Code  Gb  DblMul.o [4]
__aeabi_f2d             0x08001fc1         Code  Gb  FltToDbl.o [4]
__aeabi_i2d             0x08001d19         Code  Gb  S32ToDbl.o [4]
__aeabi_memclr4         0x08001d11         Code  Gb  ABImemclr4.o [5]
__cmain                 0x08002765         Code  Gb  cmain.o [5]
__exit                  0x08002795   0x14  Code  Gb  exit.o [6]
__iar_Memset4_word      0x08002385         Code  Gb  ABImemset48.o [5]
__iar_Memset8_word      0x08002385         Code  Gb  ABImemset48.o [5]
__iar_dadd              0x080023b9         Code  Gb  DblSub.o [4]
__iar_data_init3        0x080026f9   0x28  Code  Gb  data_init.o [5]
__iar_dsub              0x080021ad         Code  Gb  DblAdd.o [4]
__iar_dsubStart         0x080021bf         Code  Gb  DblAdd.o [4]
__iar_init_vfp          0x08002721         Code  Gb  fpinit_M.o [4]
__iar_packbits_init_single3
                        0x080026c1   0x38  Code  Gb  packbits_init_single.o [5]
__iar_program_start     0x080027b9         Code  Gb  cstartup_M.o [5]
__iar_systems$$module {Abs}
                        0x00000001         Data  Gb  command line/config [2]
__iar_zero_init3        0x08002681   0x40  Code  Gb  zero_init3.o [5]
__low_level_init        0x0800277f    0x4  Code  Gb  low_level_init.o [3]
__vector_table          0x08000000         Data  Gb  startup_stm32f407xx.o [1]
_call_main              0x08002771         Code  Gb  cmain.o [5]
_exit                   0x08002789         Code  Gb  cexit.o [5]
_main                   0x0800277b         Code  Gb  cmain.o [5]
angleInit               0x0800055b   0x14  Code  Gb  main.o [1]
angle_init              0x20000068   0x20  Data  Gb  main.o [1]
compareSet              0x080006c7   0x40  Code  Gb  main.o [1]
exit                    0x08002783    0x4  Code  Gb  exit.o [3]
floatConvert            0x08000627   0x22  Code  Gb  main.o [1]
htim2                   0x200004ec   0x3c  Data  Gb  main.o [1]
htim3                   0x20000528   0x3c  Data  Gb  main.o [1]
htim5                   0x20000564   0x3c  Data  Gb  main.o [1]
huart3                  0x200004ac   0x40  Data  Gb  main.o [1]
main                    0x08000189   0x62  Code  Gb  main.o [1]
orderHandler            0x0800078f   0x48  Code  Gb  main.o [1]
stateHandler            0x08000707   0x54  Code  Gb  main.o [1]
stateInit               0x0800056f   0xac  Code  Gb  main.o [1]
timerHandler            0x0800075b   0x34  Code  Gb  main.o [1]
uartGet                 0x08000535   0x26  Code  Gb  main.o [1]
uwTick                  0x200005a0    0x4  Data  Gb  stm32f4xx_hal.o [1]


[1] = C:\Users\gunho\Desktop\Sigma_FreshmanProj-CodeMerge1\Sigma_FreshmanProj-CodeMerge1\robotARMcontrol_withJava\EWARM\robotARMcontrol_withJava\Obj
[2] = command line
[3] = dl7M_tlf.a
[4] = m7M_tls.a
[5] = rt7M_tl.a
[6] = shb_l.a

  10 482 bytes of readonly  code memory
      77 bytes of readonly  data memory
   1 440 bytes of readwrite data memory

Errors: none
Warnings: none
