###############################################################################
#
# IAR ELF Linker V8.11.1.13263/W32 for ARM                25/Jul/2017  20:57:20
# Copyright 2007-2017 IAR Systems AB.
#
#    Output file  =  
#        C:\Users\gunho\Desktop\proj\STM32_SigmaFreshmanProj\EWARM\robotARMcontrol_withJava\Exe\robotARMcontrol_withJava.out
#    Map file     =  
#        C:\Users\gunho\Desktop\proj\STM32_SigmaFreshmanProj\EWARM\robotARMcontrol_withJava\List\robotARMcontrol_withJava.map
#    Command line =  
#        -f C:\Users\gunho\AppData\Local\Temp\EW2349.tmp
#        (C:\Users\gunho\Desktop\proj\STM32_SigmaFreshmanProj\EWARM\robotARMcontrol_withJava\Obj\main.o
#        C:\Users\gunho\Desktop\proj\STM32_SigmaFreshmanProj\EWARM\robotARMcontrol_withJava\Obj\startup_stm32f407xx.o
#        C:\Users\gunho\Desktop\proj\STM32_SigmaFreshmanProj\EWARM\robotARMcontrol_withJava\Obj\stm32f4xx_hal.o
#        C:\Users\gunho\Desktop\proj\STM32_SigmaFreshmanProj\EWARM\robotARMcontrol_withJava\Obj\stm32f4xx_hal_cortex.o
#        C:\Users\gunho\Desktop\proj\STM32_SigmaFreshmanProj\EWARM\robotARMcontrol_withJava\Obj\stm32f4xx_hal_dma.o
#        C:\Users\gunho\Desktop\proj\STM32_SigmaFreshmanProj\EWARM\robotARMcontrol_withJava\Obj\stm32f4xx_hal_dma_ex.o
#        C:\Users\gunho\Desktop\proj\STM32_SigmaFreshmanProj\EWARM\robotARMcontrol_withJava\Obj\stm32f4xx_hal_flash.o
#        C:\Users\gunho\Desktop\proj\STM32_SigmaFreshmanProj\EWARM\robotARMcontrol_withJava\Obj\stm32f4xx_hal_flash_ex.o
#        C:\Users\gunho\Desktop\proj\STM32_SigmaFreshmanProj\EWARM\robotARMcontrol_withJava\Obj\stm32f4xx_hal_flash_ramfunc.o
#        C:\Users\gunho\Desktop\proj\STM32_SigmaFreshmanProj\EWARM\robotARMcontrol_withJava\Obj\stm32f4xx_hal_gpio.o
#        C:\Users\gunho\Desktop\proj\STM32_SigmaFreshmanProj\EWARM\robotARMcontrol_withJava\Obj\stm32f4xx_hal_msp.o
#        C:\Users\gunho\Desktop\proj\STM32_SigmaFreshmanProj\EWARM\robotARMcontrol_withJava\Obj\stm32f4xx_hal_pwr.o
#        C:\Users\gunho\Desktop\proj\STM32_SigmaFreshmanProj\EWARM\robotARMcontrol_withJava\Obj\stm32f4xx_hal_pwr_ex.o
#        C:\Users\gunho\Desktop\proj\STM32_SigmaFreshmanProj\EWARM\robotARMcontrol_withJava\Obj\stm32f4xx_hal_rcc.o
#        C:\Users\gunho\Desktop\proj\STM32_SigmaFreshmanProj\EWARM\robotARMcontrol_withJava\Obj\stm32f4xx_hal_rcc_ex.o
#        C:\Users\gunho\Desktop\proj\STM32_SigmaFreshmanProj\EWARM\robotARMcontrol_withJava\Obj\stm32f4xx_hal_tim.o
#        C:\Users\gunho\Desktop\proj\STM32_SigmaFreshmanProj\EWARM\robotARMcontrol_withJava\Obj\stm32f4xx_hal_tim_ex.o
#        C:\Users\gunho\Desktop\proj\STM32_SigmaFreshmanProj\EWARM\robotARMcontrol_withJava\Obj\stm32f4xx_hal_uart.o
#        C:\Users\gunho\Desktop\proj\STM32_SigmaFreshmanProj\EWARM\robotARMcontrol_withJava\Obj\stm32f4xx_it.o
#        C:\Users\gunho\Desktop\proj\STM32_SigmaFreshmanProj\EWARM\robotARMcontrol_withJava\Obj\system_stm32f4xx.o
#        --redirect _Printf=_PrintfFull --redirect _Scanf=_ScanfFull -o
#        C:\Users\gunho\Desktop\proj\STM32_SigmaFreshmanProj\EWARM\robotARMcontrol_withJava\Exe\robotARMcontrol_withJava.out
#        --map
#        C:\Users\gunho\Desktop\proj\STM32_SigmaFreshmanProj\EWARM\robotARMcontrol_withJava\List\robotARMcontrol_withJava.map
#        --config
#        C:\Users\gunho\Desktop\proj\STM32_SigmaFreshmanProj\EWARM/stm32f407xx_flash.icf
#        --semihosting --entry __iar_program_start --vfe --text_out locale)
#
###############################################################################

*******************************************************************************
*** RUNTIME MODEL ATTRIBUTES
***

CppFlavor       = *
__SystemLibrary = DLib
__dlib_version  = 6


*******************************************************************************
*** HEAP SELECTION
***

The basic heap was selected because no calls to memory allocation
functions were found in the application outside of system library
functions, and there are calls to deallocation functions in the
application.


*******************************************************************************
*** PLACEMENT SUMMARY
***

"A0":  place at 0x08000000 { ro section .intvec };
"P1":  place in [from 0x08000000 to 0x080fffff] { ro };
"P2":  place in [from 0x20000000 to 0x2001ffff] { rw, block CSTACK, block HEAP };
initialize by copy { rw };

  Section            Kind        Address    Size  Object
  -------            ----        -------    ----  ------
"A0":                                      0x188
  .intvec            ro code  0x08000000   0x188  startup_stm32f407xx.o [1]
                            - 0x08000188   0x188

"P1":                                     0x28c5
  .text              ro code  0x08000188   0x760  main.o [1]
  .text              ro code  0x080008e8    0x34  stm32f4xx_hal.o [1]
  .text              ro code  0x0800091c   0x456  stm32f4xx_hal_uart.o [1]
  .text              ro code  0x08000d74   0x2d0  stm32f4xx_hal_rcc.o [1]
  .text              ro code  0x08001044   0x1d4  stm32f4xx_hal_rcc.o [1]
  .text              ro code  0x08001218    0xe2  stm32f4xx_hal_cortex.o [1]
  .text              ro code  0x080012fc   0x6ae  stm32f4xx_hal_tim.o [1]
  .text              ro code  0x080019ac   0x1cc  stm32f4xx_hal_msp.o [1]
  .text              ro code  0x08001b78    0x4a  stm32f4xx_hal_tim_ex.o [1]
  .text              ro code  0x08001bc4   0x1f2  stm32f4xx_hal_gpio.o [1]
  .text              ro code  0x08001db8     0x6  ABImemclr4.o [5]
  .text              ro code  0x08001dc0    0x48  FltToDbl.o [4]
  .text              ro code  0x08001e08   0x192  DblMul.o [4]
  .text              ro code  0x08001f9c    0x68  DblToFlt.o [4]
  .text              ro code  0x08002004    0x22  S32ToDbl.o [4]
  .text              ro code  0x08002028   0x246  DblDiv.o [4]
  .text              ro code  0x08002270    0x3a  DblToS32.o [4]
  .text              ro code  0x080022ac   0x178  DblAdd.o [4]
  .text              ro code  0x08002424    0x28  stm32f4xx_hal.o [1]
  .text              ro code  0x0800244c    0x24  stm32f4xx_hal_dma.o [1]
  .text              ro code  0x08002470     0x2  stm32f4xx_hal_uart.o [1]
  .text              ro code  0x08002472     0x2  stm32f4xx_hal_uart.o [1]
  .text              ro code  0x08002474     0x2  stm32f4xx_hal_uart.o [1]
  .text              ro code  0x08002478     0xc  stm32f4xx_hal.o [1]
  .text              ro code  0x08002484     0x2  stm32f4xx_hal_tim.o [1]
  .text              ro code  0x08002486     0x2  stm32f4xx_hal_tim.o [1]
  .text              ro code  0x08002488     0x2  stm32f4xx_hal_tim.o [1]
  .text              ro code  0x0800248a     0x2  stm32f4xx_hal_tim.o [1]
  .text              ro code  0x0800248c     0x2  stm32f4xx_hal_tim_ex.o [1]
  .text              ro code  0x0800248e     0x2  stm32f4xx_hal_tim.o [1]
  .text              ro code  0x08002490     0x2  stm32f4xx_hal_tim_ex.o [1]
  .text              ro code  0x08002492     0x2  stm32f4xx_hal_tim.o [1]
  .text              ro code  0x08002494    0x32  ABImemset48.o [5]
  .text              ro code  0x080024c8    0xd2  DblSub.o [4]
  .text              ro code  0x0800259c   0x184  stm32f4xx_it.o [1]
  .text              ro code  0x08002720    0x10  stm32f4xx_hal.o [1]
  .text              ro code  0x08002730    0x60  system_stm32f4xx.o [1]
  .text              ro code  0x08002790    0x40  zero_init3.o [5]
  .text              ro code  0x080027d0    0x38  packbits_init_single.o [5]
  .text              ro code  0x08002808    0x28  data_init.o [5]
  .text              ro code  0x08002830    0x22  fpinit_M.o [4]
  .iar.init_table    const    0x08002854    0x20  - Linker created -
  .text              ro code  0x08002874    0x1a  cmain.o [5]
  .text              ro code  0x0800288e     0x4  low_level_init.o [3]
  .text              ro code  0x08002892     0x4  exit.o [3]
  .text              ro code  0x08002898     0xa  cexit.o [5]
  .text              ro code  0x080028a4    0x14  exit.o [6]
  .text              ro code  0x080028b8    0x10  startup_stm32f407xx.o [1]
  .text              ro code  0x080028c8     0xc  cstartup_M.o [5]
  .rodata            const    0x080028d4     0x8  system_stm32f4xx.o [1]
  .text              ro code  0x080028dc     0x4  startup_stm32f407xx.o [1]
  .text              ro code  0x080028e0     0x4  startup_stm32f407xx.o [1]
  .text              ro code  0x080028e4     0x4  startup_stm32f407xx.o [1]
  .text              ro code  0x080028e8     0x4  startup_stm32f407xx.o [1]
  .text              ro code  0x080028ec     0x4  startup_stm32f407xx.o [1]
  .text              ro code  0x080028f0     0x4  startup_stm32f407xx.o [1]
  .text              ro code  0x080028f4     0x4  startup_stm32f407xx.o [1]
  .text              ro code  0x080028f8     0x4  startup_stm32f407xx.o [1]
  .text              ro code  0x080028fc     0x4  startup_stm32f407xx.o [1]
  .text              ro code  0x08002900     0x4  startup_stm32f407xx.o [1]
  .text              ro code  0x08002904     0x4  startup_stm32f407xx.o [1]
  .text              ro code  0x08002908     0x4  startup_stm32f407xx.o [1]
  .text              ro code  0x0800290c     0x4  startup_stm32f407xx.o [1]
  .text              ro code  0x08002910     0x4  startup_stm32f407xx.o [1]
  .text              ro code  0x08002914     0x4  startup_stm32f407xx.o [1]
  .text              ro code  0x08002918     0x4  startup_stm32f407xx.o [1]
  .text              ro code  0x0800291c     0x4  startup_stm32f407xx.o [1]
  .text              ro code  0x08002920     0x4  startup_stm32f407xx.o [1]
  .text              ro code  0x08002924     0x4  startup_stm32f407xx.o [1]
  .text              ro code  0x08002928     0x4  startup_stm32f407xx.o [1]
  .text              ro code  0x0800292c     0x4  startup_stm32f407xx.o [1]
  .text              ro code  0x08002930     0x4  startup_stm32f407xx.o [1]
  .text              ro code  0x08002934     0x4  startup_stm32f407xx.o [1]
  .text              ro code  0x08002938     0x4  startup_stm32f407xx.o [1]
  .text              ro code  0x0800293c     0x4  startup_stm32f407xx.o [1]
  .text              ro code  0x08002940     0x4  startup_stm32f407xx.o [1]
  .text              ro code  0x08002944     0x4  startup_stm32f407xx.o [1]
  .text              ro code  0x08002948     0x4  startup_stm32f407xx.o [1]
  .text              ro code  0x0800294c     0x4  startup_stm32f407xx.o [1]
  .text              ro code  0x08002950     0x4  startup_stm32f407xx.o [1]
  .text              ro code  0x08002954     0x4  startup_stm32f407xx.o [1]
  .text              ro code  0x08002958     0x4  startup_stm32f407xx.o [1]
  .text              ro code  0x0800295c     0x4  startup_stm32f407xx.o [1]
  .text              ro code  0x08002960     0x4  startup_stm32f407xx.o [1]
  .text              ro code  0x08002964     0x4  startup_stm32f407xx.o [1]
  .text              ro code  0x08002968     0x4  startup_stm32f407xx.o [1]
  .text              ro code  0x0800296c     0x4  startup_stm32f407xx.o [1]
  .text              ro code  0x08002970     0x4  startup_stm32f407xx.o [1]
  .text              ro code  0x08002974     0x4  startup_stm32f407xx.o [1]
  .text              ro code  0x08002978     0x4  startup_stm32f407xx.o [1]
  .text              ro code  0x0800297c     0x4  startup_stm32f407xx.o [1]
  .text              ro code  0x08002980     0x4  startup_stm32f407xx.o [1]
  .text              ro code  0x08002984     0x4  startup_stm32f407xx.o [1]
  .text              ro code  0x08002988     0x4  startup_stm32f407xx.o [1]
  .text              ro code  0x0800298c     0x4  startup_stm32f407xx.o [1]
  .text              ro code  0x08002990     0x4  startup_stm32f407xx.o [1]
  .text              ro code  0x08002994     0x4  startup_stm32f407xx.o [1]
  .text              ro code  0x08002998     0x4  startup_stm32f407xx.o [1]
  .text              ro code  0x0800299c     0x4  startup_stm32f407xx.o [1]
  .text              ro code  0x080029a0     0x4  startup_stm32f407xx.o [1]
  .text              ro code  0x080029a4     0x4  startup_stm32f407xx.o [1]
  .text              ro code  0x080029a8     0x4  startup_stm32f407xx.o [1]
  .text              ro code  0x080029ac     0x4  startup_stm32f407xx.o [1]
  .text              ro code  0x080029b0     0x4  startup_stm32f407xx.o [1]
  .text              ro code  0x080029b4     0x4  startup_stm32f407xx.o [1]
  .text              ro code  0x080029b8     0x4  startup_stm32f407xx.o [1]
  .text              ro code  0x080029bc     0x4  startup_stm32f407xx.o [1]
  .text              ro code  0x080029c0     0x4  startup_stm32f407xx.o [1]
  .text              ro code  0x080029c4     0x4  startup_stm32f407xx.o [1]
  .text              ro code  0x080029c8     0x4  startup_stm32f407xx.o [1]
  .text              ro code  0x080029cc     0x4  startup_stm32f407xx.o [1]
  .text              ro code  0x080029d0     0x4  startup_stm32f407xx.o [1]
  .text              ro code  0x080029d4     0x4  startup_stm32f407xx.o [1]
  .text              ro code  0x080029d8     0x4  startup_stm32f407xx.o [1]
  .text              ro code  0x080029dc     0x4  startup_stm32f407xx.o [1]
  .text              ro code  0x080029e0     0x4  startup_stm32f407xx.o [1]
  .text              ro code  0x080029e4     0x4  startup_stm32f407xx.o [1]
  .text              ro code  0x080029e8     0x4  startup_stm32f407xx.o [1]
  .text              ro code  0x080029ec     0x4  startup_stm32f407xx.o [1]
  .text              ro code  0x080029f0     0x4  startup_stm32f407xx.o [1]
  .text              ro code  0x080029f4     0x4  startup_stm32f407xx.o [1]
  .text              ro code  0x080029f8     0x4  startup_stm32f407xx.o [1]
  .text              ro code  0x080029fc     0x4  startup_stm32f407xx.o [1]
  .text              ro code  0x08002a00     0x4  startup_stm32f407xx.o [1]
  .text              ro code  0x08002a04     0x4  startup_stm32f407xx.o [1]
  .text              ro code  0x08002a08     0x4  startup_stm32f407xx.o [1]
  .text              ro code  0x08002a0c     0x4  startup_stm32f407xx.o [1]
  .text              ro code  0x08002a10     0x4  startup_stm32f407xx.o [1]
  .text              ro code  0x08002a14     0x4  startup_stm32f407xx.o [1]
  .text              ro code  0x08002a18     0x4  startup_stm32f407xx.o [1]
  .text              ro code  0x08002a1c     0x4  startup_stm32f407xx.o [1]
  .text              ro code  0x08002a20     0x4  startup_stm32f407xx.o [1]
  .text              ro code  0x08002a24     0x4  startup_stm32f407xx.o [1]
  .text              ro code  0x08002a28     0x4  startup_stm32f407xx.o [1]
  .rodata            const    0x08002a2c     0x0  zero_init3.o [5]
  .rodata            const    0x08002a2c     0x0  packbits_init_single.o [5]
  Initializer bytes  const    0x08002a2c    0x21  <for P2-1>
                            - 0x08002a4d  0x28c5

"P2", part 1 of 3:                          0x8c
  P2-1                        0x20000000    0x8c  <Init block>
    .data            inited   0x20000000    0x88  main.o [1]
    .data            inited   0x20000088     0x4  system_stm32f4xx.o [1]
                            - 0x2000008c    0x8c

"P2", part 2 of 3:                         0x400
  CSTACK                      0x20000090   0x400  <Block>
    CSTACK           uninit   0x20000090   0x400  <Block tail>
                            - 0x20000490   0x400

"P2", part 3 of 3:                         0x158
  .bss               zero     0x20000490    0x80  main.o [1]
  .bss               zero     0x20000510    0x3c  main.o [1]
  .bss               zero     0x2000054c    0x3c  main.o [1]
  .bss               zero     0x20000588    0x3c  main.o [1]
  .bss               zero     0x200005c4    0x20  main.o [1]
  .bss               zero     0x200005e4     0x4  stm32f4xx_hal.o [1]
                            - 0x200005e8   0x158


*******************************************************************************
*** INIT TABLE
***

          Address     Size
          -------     ----
Zero (__iar_zero_init3)
    1 destination range, total size 0x158:
          0x20000490  0x158

Copy/packbits (__iar_packbits_init_single3)
    1 source range, total size 0x21 (23% of destination):
          0x08002a2c   0x21
    1 destination range, total size 0x8c:
          0x20000000   0x8c



*******************************************************************************
*** MODULE SUMMARY
***

    Module                  ro code  ro data  rw data
    ------                  -------  -------  -------
C:\Users\gunho\Desktop\proj\STM32_SigmaFreshmanProj\EWARM\robotARMcontrol_withJava\Obj: [1]
    main.o                    1 888       32      476
    startup_stm32f407xx.o       744
    stm32f4xx_hal.o             120                 4
    stm32f4xx_hal_cortex.o      226
    stm32f4xx_hal_dma.o          36
    stm32f4xx_hal_gpio.o        498
    stm32f4xx_hal_msp.o         460
    stm32f4xx_hal_rcc.o       1 188
    stm32f4xx_hal_tim.o       1 722
    stm32f4xx_hal_tim_ex.o       78
    stm32f4xx_hal_uart.o      1 116
    stm32f4xx_it.o              388
    system_stm32f4xx.o           96        9        4
    -------------------------------------------------
    Total:                    8 560       41      484

command line: [2]
    -------------------------------------------------
    Total:

dl7M_tlf.a: [3]
    exit.o                        4
    low_level_init.o              4
    -------------------------------------------------
    Total:                        8

m7M_tls.a: [4]
    DblAdd.o                    376
    DblDiv.o                    582
    DblMul.o                    402
    DblSub.o                    210
    DblToFlt.o                  104
    DblToS32.o                   58
    FltToDbl.o                   72
    S32ToDbl.o                   34
    fpinit_M.o                   34
    -------------------------------------------------
    Total:                    1 872

rt7M_tl.a: [5]
    ABImemclr4.o                  6
    ABImemset48.o                50
    cexit.o                      10
    cmain.o                      26
    cstartup_M.o                 12
    data_init.o                  40
    packbits_init_single.o       56
    zero_init3.o                 64
    -------------------------------------------------
    Total:                      264

shb_l.a: [6]
    exit.o                       20
    -------------------------------------------------
    Total:                       20

    Gaps                         30        2
    Linker created                        32    1 024
-----------------------------------------------------
    Grand Total:             10 754       75    1 508


*******************************************************************************
*** ENTRY LIST
***

Entry                      Address   Size  Type      Object
-----                      -------   ----  ----      ------
.iar.init_table$$Base   0x08002854          --   Gb  - Linker created -
.iar.init_table$$Limit  0x08002874          --   Gb  - Linker created -
?main                   0x08002875         Code  Gb  cmain.o [5]
AHBPrescTable           0x08002780   0x10  Data  Gb  system_stm32f4xx.o [1]
APBPrescTable           0x080028d4    0x8  Data  Gb  system_stm32f4xx.o [1]
CSTACK$$Base            0x20000090          --   Gb  - Linker created -
CSTACK$$Limit           0x20000490          --   Gb  - Linker created -
EXTI9_5_IRQHandler      0x080025ab   0x54  Code  Gb  stm32f4xx_it.o [1]
HAL_DMA_Abort_IT        0x0800244d   0x24  Code  Gb  stm32f4xx_hal_dma.o [1]
HAL_GPIO_EXTI_IRQHandler
                        0x08001d73   0x10  Code  Gb  stm32f4xx_hal_gpio.o [1]
HAL_GPIO_Init           0x08001bc5  0x19a  Code  Gb  stm32f4xx_hal_gpio.o [1]
HAL_GPIO_ReadPin        0x08001d5f    0xc  Code  Gb  stm32f4xx_hal_gpio.o [1]
HAL_GPIO_WritePin       0x08001d6b    0x8  Code  Gb  stm32f4xx_hal_gpio.o [1]
HAL_GetTick             0x08002479    0xc  Code  Wk  stm32f4xx_hal.o [1]
HAL_IncTick             0x08002721   0x10  Code  Wk  stm32f4xx_hal.o [1]
HAL_Init                0x080008e9   0x30  Code  Gb  stm32f4xx_hal.o [1]
HAL_InitTick            0x08002425   0x28  Code  Wk  stm32f4xx_hal.o [1]
HAL_MspInit             0x080019ad   0x60  Code  Gb  stm32f4xx_hal_msp.o [1]
HAL_NVIC_EnableIRQ      0x08001287    0xa  Code  Gb  stm32f4xx_hal_cortex.o [1]
HAL_NVIC_SetPriority    0x0800124d   0x3a  Code  Gb  stm32f4xx_hal_cortex.o [1]
HAL_NVIC_SetPriorityGrouping
                        0x08001233   0x1a  Code  Gb  stm32f4xx_hal_cortex.o [1]
HAL_RCC_ClockConfig     0x08001045  0x12a  Code  Gb  stm32f4xx_hal_rcc.o [1]
HAL_RCC_GetHCLKFreq     0x0800117d    0x6  Code  Gb  stm32f4xx_hal_rcc.o [1]
HAL_RCC_GetPCLK1Freq    0x08001183   0x10  Code  Gb  stm32f4xx_hal_rcc.o [1]
HAL_RCC_GetPCLK2Freq    0x08001193    0xe  Code  Gb  stm32f4xx_hal_rcc.o [1]
HAL_RCC_OscConfig       0x08000d75  0x2d0  Code  Wk  stm32f4xx_hal_rcc.o [1]
HAL_SYSTICK_CLKSourceConfig
                        0x080012c3   0x1a  Code  Gb  stm32f4xx_hal_cortex.o [1]
HAL_SYSTICK_Config      0x0800129b   0x28  Code  Gb  stm32f4xx_hal_cortex.o [1]
HAL_SYSTICK_IRQHandler  0x080012f5    0x4  Code  Gb  stm32f4xx_hal_cortex.o [1]
HAL_TIMEx_BreakCallback
                        0x0800248d    0x2  Code  Wk  stm32f4xx_hal_tim_ex.o [1]
HAL_TIMEx_CommutationCallback
                        0x08002491    0x2  Code  Wk  stm32f4xx_hal_tim_ex.o [1]
HAL_TIMEx_MasterConfigSynchronization
                        0x08001b79   0x4a  Code  Gb  stm32f4xx_hal_tim_ex.o [1]
HAL_TIM_Base_Init       0x080012fd   0x1a  Code  Gb  stm32f4xx_hal_tim.o [1]
HAL_TIM_Base_MspInit    0x08001a0d   0x8c  Code  Gb  stm32f4xx_hal_msp.o [1]
HAL_TIM_Base_Start_IT   0x08001317   0x16  Code  Gb  stm32f4xx_hal_tim.o [1]
HAL_TIM_ConfigClockSource
                        0x08001651   0xac  Code  Gb  stm32f4xx_hal_tim.o [1]
HAL_TIM_IRQHandler      0x08001421  0x142  Code  Gb  stm32f4xx_hal_tim.o [1]
HAL_TIM_MspPostInit     0x08001a99   0x5e  Code  Gb  stm32f4xx_hal_msp.o [1]
HAL_TIM_PWM_ConfigChannel
                        0x08001569   0xc0  Code  Gb  stm32f4xx_hal_tim.o [1]
HAL_TIM_PWM_Init        0x08001357   0x1a  Code  Gb  stm32f4xx_hal_tim.o [1]
HAL_TIM_PWM_Start       0x08001381   0x14  Code  Gb  stm32f4xx_hal_tim.o [1]
HAL_TIM_PWM_Stop        0x0800139f   0x32  Code  Gb  stm32f4xx_hal_tim.o [1]
HAL_UART_IRQHandler     0x080009eb  0x152  Code  Gb  stm32f4xx_hal_uart.o [1]
HAL_UART_Init           0x0800091d   0x20  Code  Gb  stm32f4xx_hal_uart.o [1]
HAL_UART_MspInit        0x08001b05   0x58  Code  Gb  stm32f4xx_hal_msp.o [1]
HAL_UART_Receive_IT     0x0800098f   0x4a  Code  Gb  stm32f4xx_hal_uart.o [1]
MX_GPIO_Init            0x08000381  0x176  Code  Lc  main.o [1]
MX_TIM2_Init            0x08000299    0xc  Code  Lc  main.o [1]
MX_TIM3_Init            0x080002a5   0x30  Code  Lc  main.o [1]
MX_TIM5_Init            0x080002d5    0xa  Code  Lc  main.o [1]
Motor                   0x20000000   0x38  Data  Gb  main.o [1]
NVIC_SetPriority        0x08001219   0x1a  Code  Lc  stm32f4xx_hal_cortex.o [1]
Region$$Table$$Base     0x08002854          --   Gb  - Linker created -
Region$$Table$$Limit    0x08002874          --   Gb  - Linker created -
State                   0x20000038   0x28  Data  Gb  main.o [1]
StepperClick            0x080026af   0x3e  Code  Gb  stm32f4xx_it.o [1]
StepperSet              0x08000675   0x7a  Code  Gb  main.o [1]
SysTick_Handler         0x0800259d    0xe  Code  Gb  stm32f4xx_it.o [1]
SystemClock_Config      0x080001eb   0xae  Code  Gb  main.o [1]
SystemCoreClock         0x20000088    0x4  Data  Gb  system_stm32f4xx.o [1]
SystemInit              0x08002731   0x3a  Code  Gb  system_stm32f4xx.o [1]
TIM2_IRQHandler         0x080025ff    0xc  Code  Gb  stm32f4xx_it.o [1]
TIM2_intOccured         0x20000060    0x4  Data  Gb  main.o [1]
TIM3_IRQHandler         0x0800260b   0x52  Code  Gb  stm32f4xx_it.o [1]
TIM5_IRQHandler         0x080026a3    0xc  Code  Gb  stm32f4xx_it.o [1]
TIM5_intOccured         0x20000064    0x4  Data  Gb  main.o [1]
TIM_Base_SetConfig      0x08001725   0x8e  Code  Gb  stm32f4xx_hal_tim.o [1]
TIM_CCxChannelCmd       0x0800180f   0x14  Code  Gb  stm32f4xx_hal_tim.o [1]
TIM_ETR_SetConfig       0x08001997   0x14  Code  Lc  stm32f4xx_hal_tim.o [1]
TIM_ITRx_SetConfig      0x08001987   0x10  Code  Lc  stm32f4xx_hal_tim.o [1]
TIM_OC1_SetConfig       0x08001823   0x4a  Code  Lc  stm32f4xx_hal_tim.o [1]
TIM_OC2_SetConfig       0x080017b5   0x58  Code  Gb  stm32f4xx_hal_tim.o [1]
TIM_OC3_SetConfig       0x0800186d   0x50  Code  Lc  stm32f4xx_hal_tim.o [1]
TIM_OC4_SetConfig       0x080018c9   0x46  Code  Lc  stm32f4xx_hal_tim.o [1]
TIM_TI1_ConfigInputStage
                        0x08001941   0x1c  Code  Lc  stm32f4xx_hal_tim.o [1]
TIM_TI2_ConfigInputStage
                        0x08001963   0x24  Code  Lc  stm32f4xx_hal_tim.o [1]
UART_DMAAbortOnError    0x08000b59    0xc  Code  Lc  stm32f4xx_hal_uart.o [1]
UART_EndRxTransfer      0x08000b3d   0x1c  Code  Lc  stm32f4xx_hal_uart.o [1]
UART_Receive_IT         0x08000b65   0x8c  Code  Lc  stm32f4xx_hal_uart.o [1]
UART_SetConfig          0x08000bf1  0x13a  Code  Lc  stm32f4xx_hal_uart.o [1]
USART3_IRQHandler       0x0800265d   0x46  Code  Gb  stm32f4xx_it.o [1]
Uart                    0x20000490   0x1c  Data  Gb  main.o [1]
__aeabi_d2f             0x08001f9d         Code  Gb  DblToFlt.o [4]
__aeabi_d2iz            0x08002271         Code  Gb  DblToS32.o [4]
__aeabi_dadd            0x080022ad         Code  Gb  DblAdd.o [4]
__aeabi_ddiv            0x08002029         Code  Gb  DblDiv.o [4]
__aeabi_dmul            0x08001e09         Code  Gb  DblMul.o [4]
__aeabi_f2d             0x08001dc1         Code  Gb  FltToDbl.o [4]
__aeabi_i2d             0x08002005         Code  Gb  S32ToDbl.o [4]
__aeabi_memclr4         0x08001db9         Code  Gb  ABImemclr4.o [5]
__cmain                 0x08002875         Code  Gb  cmain.o [5]
__exit                  0x080028a5   0x14  Code  Gb  exit.o [6]
__iar_Memset4_word      0x08002495         Code  Gb  ABImemset48.o [5]
__iar_Memset8_word      0x08002495         Code  Gb  ABImemset48.o [5]
__iar_dadd              0x080024c9         Code  Gb  DblSub.o [4]
__iar_data_init3        0x08002809   0x28  Code  Gb  data_init.o [5]
__iar_dsub              0x080022bd         Code  Gb  DblAdd.o [4]
__iar_dsubStart         0x080022cf         Code  Gb  DblAdd.o [4]
__iar_init_vfp          0x08002831         Code  Gb  fpinit_M.o [4]
__iar_packbits_init_single3
                        0x080027d1   0x38  Code  Gb  packbits_init_single.o [5]
__iar_program_start     0x080028c9         Code  Gb  cstartup_M.o [5]
__iar_systems$$module {Abs}
                        0x00000001         Data  Gb  command line/config [2]
__iar_zero_init3        0x08002791   0x40  Code  Gb  zero_init3.o [5]
__low_level_init        0x0800288f    0x4  Code  Gb  low_level_init.o [3]
__vector_table          0x08000000         Data  Gb  startup_stm32f407xx.o [1]
_call_main              0x08002881         Code  Gb  cmain.o [5]
_exit                   0x08002899         Code  Gb  cexit.o [5]
_main                   0x0800288b         Code  Gb  cmain.o [5]
angleInit               0x0800055b   0x1c  Code  Gb  main.o [1]
angle_init              0x200005c4   0x20  Data  Gb  main.o [1]
compareSet              0x080006ef   0xaa  Code  Gb  main.o [1]
exit                    0x08002893    0x4  Code  Gb  exit.o [3]
floatConvert            0x08000653   0x22  Code  Gb  main.o [1]
htim2                   0x20000510   0x3c  Data  Gb  main.o [1]
htim3                   0x2000054c   0x3c  Data  Gb  main.o [1]
htim5                   0x20000588   0x3c  Data  Gb  main.o [1]
huart3                  0x200004ac   0x40  Data  Gb  main.o [1]
main                    0x08000189   0x62  Code  Gb  main.o [1]
max_angular_speed       0x20000068   0x20  Data  Gb  main.o [1]
max_compare_difference  0x200004ec   0x24  Data  Gb  main.o [1]
orderHandler            0x0800082b   0x48  Code  Gb  main.o [1]
stateHandler            0x080007a3   0x54  Code  Gb  main.o [1]
stateInit               0x08000577   0xd0  Code  Gb  main.o [1]
timerHandler            0x080007f7   0x34  Code  Gb  main.o [1]
uartGet                 0x08000535   0x26  Code  Gb  main.o [1]
uwTick                  0x200005e4    0x4  Data  Gb  stm32f4xx_hal.o [1]


[1] = C:\Users\gunho\Desktop\proj\STM32_SigmaFreshmanProj\EWARM\robotARMcontrol_withJava\Obj
[2] = command line
[3] = dl7M_tlf.a
[4] = m7M_tls.a
[5] = rt7M_tl.a
[6] = shb_l.a

  10 754 bytes of readonly  code memory
      75 bytes of readonly  data memory
   1 508 bytes of readwrite data memory

Errors: none
Warnings: none
